// Jest Snapshot v1, https://goo.gl/fbAQLP

exports[`<Footer /> rendering should render one <FooterSec/> 1`] = `
<styled.section>
  <p>
    Â© 
    2019
     
    <a
      href="https://www.integrichain.com/"
    >
      IntegriChain
    </a>
     Inc. All Rights Reserved.
  </p>
</styled.section>
`;
